Archive member included to satisfy reference by file (symbol)

lib/lib.a(ctype.o)            kernel/kernel.o (_ctype)
lib/lib.a(_exit.o)            init/main.o (_exit)
lib/lib.a(open.o)             init/main.o (open)
lib/lib.a(close.o)            init/main.o (close)
lib/lib.a(errno.o)            init/main.o (errno)
lib/lib.a(write.o)            init/main.o (write)
lib/lib.a(dup.o)              init/main.o (dup)
lib/lib.a(setsid.o)           init/main.o (setsid)
lib/lib.a(execve.o)           init/main.o (execve)
lib/lib.a(wait.o)             init/main.o (wait)
lib/lib.a(string.o)           kernel/kernel.o (memcpy)

Allocating common symbols
Common symbol       size              file

errno               0x4               lib/lib.a(errno.o)
hash_table          0x4cc             fs/fs.o
___strtok           0x4               lib/lib.a(string.o)
user_stack          0x1000            kernel/kernel.o
_ctmp               0x1               lib/lib.a(ctype.o)
super_block         0x340             fs/fs.o
file_table          0x400             fs/fs.o

Discarded input sections

 .note.GNU-stack
                0x0000000000000000        0x0 init/main.o
 .note.GNU-stack
                0x0000000000000000        0x0 kernel/kernel.o
 .note.GNU-stack
                0x0000000000000000        0x0 mm/mm.o
 .note.GNU-stack
                0x0000000000000000        0x0 fs/fs.o
 .note.GNU-stack
                0x0000000000000000        0x0 lib/lib.a(ctype.o)
 .note.GNU-stack
                0x0000000000000000        0x0 lib/lib.a(_exit.o)
 .note.GNU-stack
                0x0000000000000000        0x0 lib/lib.a(open.o)
 .note.GNU-stack
                0x0000000000000000        0x0 lib/lib.a(close.o)
 .note.GNU-stack
                0x0000000000000000        0x0 lib/lib.a(errno.o)
 .note.GNU-stack
                0x0000000000000000        0x0 lib/lib.a(write.o)
 .note.GNU-stack
                0x0000000000000000        0x0 lib/lib.a(dup.o)
 .note.GNU-stack
                0x0000000000000000        0x0 lib/lib.a(setsid.o)
 .note.GNU-stack
                0x0000000000000000        0x0 lib/lib.a(execve.o)
 .note.GNU-stack
                0x0000000000000000        0x0 lib/lib.a(wait.o)
 .note.GNU-stack
                0x0000000000000000        0x0 lib/lib.a(string.o)

Memory Configuration

Name             Origin             Length             Attributes
*default*        0x0000000000000000 0xffffffffffffffff

Linker script and memory map

Address of section .text set to 0x0
LOAD boot/head.o
LOAD init/main.o
LOAD kernel/kernel.o
LOAD mm/mm.o
LOAD fs/fs.o
LOAD lib/lib.a
                [!provide]                        PROVIDE (__executable_start = SEGMENT_START ("text-segment", 0x8048000))
                0x0000000008048094                . = (SEGMENT_START ("text-segment", 0x8048000) + SIZEOF_HEADERS)

.interp
 *(.interp)

.note.gnu.build-id
 *(.note.gnu.build-id)

.hash
 *(.hash)

.gnu.hash
 *(.gnu.hash)

.dynsym
 *(.dynsym)

.dynstr
 *(.dynstr)

.gnu.version
 *(.gnu.version)

.gnu.version_d
 *(.gnu.version_d)

.gnu.version_r
 *(.gnu.version_r)

.rel.dyn        0x0000000008048094        0x0
 *(.rel.init)
 *(.rel.text .rel.text.* .rel.gnu.linkonce.t.*)
 .rel.text      0x0000000008048094        0x0 boot/head.o
 *(.rel.fini)
 *(.rel.rodata .rel.rodata.* .rel.gnu.linkonce.r.*)
 *(.rel.data.rel.ro .rel.data.rel.ro.* .rel.gnu.linkonce.d.rel.ro.*)
 *(.rel.data .rel.data.* .rel.gnu.linkonce.d.*)
 .rel.data      0x0000000008048094        0x0 boot/head.o
 *(.rel.tdata .rel.tdata.* .rel.gnu.linkonce.td.*)
 *(.rel.tbss .rel.tbss.* .rel.gnu.linkonce.tb.*)
 *(.rel.ctors)
 *(.rel.dtors)
 *(.rel.got)
 .rel.got       0x0000000008048094        0x0 boot/head.o
 *(.rel.bss .rel.bss.* .rel.gnu.linkonce.b.*)
 *(.rel.ifunc)

.rel.plt        0x0000000008048094        0x0
 *(.rel.plt)
                [!provide]                        PROVIDE (__rel_iplt_start = .)
 *(.rel.iplt)
 .rel.iplt      0x0000000008048094        0x0 boot/head.o
                [!provide]                        PROVIDE (__rel_iplt_end = .)

.init
 *(SORT_NONE(.init))

.plt            0x0000000008048098        0x0
 *(.plt)
 *(.iplt)
 .iplt          0x0000000008048098        0x0 boot/head.o

.plt.got
 *(.plt.got)

.plt.sec
 *(.plt.sec)

.text           0x0000000000000000     0xf4e9
 *(.text.unlikely .text.*_unlikely .text.unlikely.*)
 *(.text.exit .text.exit.*)
 *(.text.startup .text.startup.*)
 *(.text.hot .text.hot.*)
 *(.text .stub .text.* .gnu.linkonce.t.*)
 .text          0x0000000000000000     0x5078 boot/head.o
                0x0000000000000000                startup_32
                0x0000000000000000                pg_dir
                0x0000000000004078                idt
                0x0000000000004878                gdt
 .text          0x0000000000005078      0x341 init/main.o
                0x00000000000050a8                init
                0x000000000000520b                main
 *fill*         0x00000000000053b9        0x1 
 .text          0x00000000000053ba     0x4634 kernel/kernel.o
                0x00000000000053ba                sys_alarm
                0x00000000000053df                sys_getpid
                0x00000000000053eb                sys_getppid
                0x00000000000053f7                sys_getuid
                0x0000000000005404                sys_geteuid
                0x0000000000005411                sys_getgid
                0x000000000000541e                sys_getegid
                0x000000000000542b                sys_nice
                0x0000000000005445                sys_signal
                0x0000000000005479                math_state_restore
                0x00000000000054b0                schedule
                0x00000000000055a2                sys_pause
                0x00000000000055b8                sleep_on
                0x0000000000005607                interruptible_sleep_on
                0x0000000000005677                wake_up
                0x0000000000005692                do_timer
                0x00000000000056e1                sched_init
                0x000000000000580e                system_call
                0x0000000000005900                timer_interrupt
                0x0000000000005938                sys_execve
                0x0000000000005946                sys_fork
                0x000000000000595e                hd_interrupt
                0x0000000000005af1                do_double_fault
                0x0000000000005b0a                do_general_protection
                0x0000000000005b23                do_divide_error
                0x0000000000005b3c                do_int3
                0x0000000000005bbb                do_nmi
                0x0000000000005bd4                do_debug
                0x0000000000005bed                do_overflow
                0x0000000000005c06                do_bounds
                0x0000000000005c1f                do_invalid_op
                0x0000000000005c38                do_device_not_available
                0x0000000000005c51                do_coprocessor_segment_overrun
                0x0000000000005c6a                do_invalid_TSS
                0x0000000000005c83                do_segment_not_present
                0x0000000000005c9c                do_stack_segment
                0x0000000000005cb5                do_coprocessor_error
                0x0000000000005cce                do_reserved
                0x0000000000005ce7                trap_init
                0x0000000000005e98                divide_error
                0x0000000000005ecd                debug
                0x0000000000005ed4                nmi
                0x0000000000005edb                int3
                0x0000000000005ee2                overflow
                0x0000000000005ee9                bounds
                0x0000000000005ef0                invalid_op
                0x0000000000005eff                device_not_available
                0x0000000000005f2c                coprocessor_segment_overrun
                0x0000000000005f36                reserved
                0x0000000000005f40                coprocessor_error
                0x0000000000005f4a                double_fault
                0x0000000000005f81                invalid_TSS
                0x0000000000005f88                segment_not_present
                0x0000000000005f8f                stack_segment
                0x0000000000005f96                general_protection
                0x0000000000005f9d                verify_area
                0x0000000000006004                copy_mem
                0x00000000000060e7                copy_process
                0x000000000000637d                find_empty_process
                0x00000000000063e7                panic
                0x00000000000063fd                printk
                0x0000000000006676                vsprintf
                0x00000000000069da                tty_init
                0x00000000000069eb                tty_intr
                0x0000000000006a34                copy_to_cooked
                0x0000000000006cf2                tty_read
                0x0000000000006fa7                tty_write
                0x00000000000071b8                do_tty_interrupt
                0x00000000000073a4                csi_m
                0x000000000000741a                con_write
                0x0000000000007ddc                con_init
                0x0000000000007e63                keyboard_interrupt
                0x0000000000008638                rs1_interrupt
                0x0000000000008640                rs2_interrupt
                0x0000000000008da4                rw_hd
                0x0000000000008e06                sys_setup
                0x0000000000008efe                unexpected_hd_interrupt
                0x0000000000008f0f                hd_init
                0x0000000000008f82                sys_ftime
                0x0000000000008f88                sys_mknod
                0x0000000000008f8e                sys_break
                0x0000000000008f94                sys_mount
                0x0000000000008f9a                sys_umount
                0x0000000000008fa0                sys_ustat
                0x0000000000008fa6                sys_ptrace
                0x0000000000008fac                sys_stty
                0x0000000000008fb2                sys_gtty
                0x0000000000008fb8                sys_rename
                0x0000000000008fbe                sys_prof
                0x0000000000008fc4                sys_setgid
                0x000000000000901e                sys_acct
                0x0000000000009024                sys_phys
                0x000000000000902a                sys_lock
                0x0000000000009030                sys_mpx
                0x0000000000009036                sys_ulimit
                0x000000000000903c                sys_time
                0x0000000000009081                sys_setuid
                0x00000000000090db                sys_stime
                0x0000000000009128                sys_times
                0x000000000000917f                sys_brk
                0x00000000000091ad                sys_setpgid
                0x000000000000922a                sys_getpgrp
                0x0000000000009236                sys_setsid
                0x000000000000928c                sys_oldolduname
                0x00000000000092a2                sys_uname
                0x00000000000092ea                sys_umask
                0x0000000000009309                sys_null
                0x000000000000932b                release
                0x000000000000938b                do_kill
                0x00000000000095cb                sys_kill
                0x00000000000095f4                do_exit
                0x000000000000978a                sys_exit
                0x00000000000097a1                sys_waitpid
                0x0000000000009907                rs_init
                0x000000000000995f                rs_write
                0x0000000000009989                kernel_mktime
 .text          0x00000000000099ee      0x531 mm/mm.o
                0x00000000000099ee                invalidate
                0x00000000000099f7                copy_page
                0x0000000000009a0c                get_free_page
                0x0000000000009a44                free_page
                0x0000000000009aa6                free_page_tables
                0x0000000000009b78                copy_page_tables
                0x0000000000009c96                put_page
                0x0000000000009d24                un_wp_page
                0x0000000000009db1                do_wp_page
                0x0000000000009ddf                write_verify
                0x0000000000009e24                do_no_page
                0x0000000000009e55                calc_mem
                0x0000000000009ee8                page_fault
 .text          0x0000000000009f1f     0x514d fs/fs.o
                0x0000000000009f1f                sys_utime
                0x0000000000009f8c                sys_access
                0x000000000000a02c                sys_chdir
                0x000000000000a094                sys_chroot
                0x000000000000a0fc                sys_chmod
                0x000000000000a199                sys_chown
                0x000000000000a208                sys_open
                0x000000000000a3b2                sys_creat
                0x000000000000a3cb                sys_close
                0x000000000000a457                sys_lseek
                0x000000000000a50a                sys_read
                0x000000000000a646                sys_write
                0x000000000000ab9f                sync_inodes
                0x000000000000abf5                bmap
                0x000000000000ac0e                create_block
                0x000000000000ac27                iput
                0x000000000000ad2d                get_empty_inode
                0x000000000000ae28                get_pipe_inode
                0x000000000000ae6f                iget
                0x000000000000b06e                sys_sync
                0x000000000000b0e3                brelse
                0x000000000000b143                get_hash_table
                0x000000000000b1aa                getblk
                0x000000000000b47e                bread
                0x000000000000b4de                buffer_init
                0x000000000000b576                do_mount
                0x000000000000b787                mount_root
                0x000000000000b8d1                block_write
                0x000000000000b9cf                block_read
                0x000000000000bab7                ll_rw_block
                0x000000000000bb5d                rw_char
                0x000000000000bbc4                file_read
                0x000000000000bd4f                file_write
                0x000000000000bfd9                sys_stat
                0x000000000000c016                sys_lstat
                0x000000000000c02a                sys_fstat
                0x000000000000c070                sys_stat64
                0x000000000000c0ad                sys_fstat64
                0x000000000000c0f3                sys_lstat64
                0x000000000000c107                sys_oldstat
                0x000000000000c11d                sys_oldfstat
                0x000000000000c229                cp_block
                0x000000000000c24e                is_valid_elf
                0x000000000000c29d                read_file_block_ind
                0x000000000000c325                read_file_block
                0x000000000000c416                copy_section
                0x000000000000c50b                create_bss_section
                0x000000000000c52e                load_elf_binary
                0x000000000000c714                do_execve
                0x000000000000cc82                read_pipe
                0x000000000000cd0d                write_pipe
                0x000000000000ce05                sys_pipe
                0x000000000000d13f                match
                0x000000000000d452                namei
                0x000000000000d505                open_namei
                0x000000000000d7a3                sys_mkdir
                0x000000000000da6a                sys_rmdir
                0x000000000000de46                sys_unlink
                0x000000000000e000                sys_link
                0x000000000000e1dc                free_block
                0x000000000000e2fc                new_block
                0x000000000000e45f                free_inode
                0x000000000000e5af                new_inode
                0x000000000000e78b                sys_dup2
                0x000000000000e7a9                sys_dup
                0x000000000000e7b8                sys_fcntl
                0x000000000000e870                sys_fcntl64
                0x000000000000e8b6                sys_ioctl
                0x000000000000e943                tty_ioctl
                0x000000000000ec09                truncate
                0x000000000000ed1a                sys_getdents
                0x000000000000eec3                sys_getdents64
 .text          0x000000000000f06c        0x0 lib/lib.a(ctype.o)
 .text          0x000000000000f06c        0xe lib/lib.a(_exit.o)
                0x000000000000f06c                _exit
 .text          0x000000000000f07a       0x2f lib/lib.a(open.o)
                0x000000000000f07a                open
 .text          0x000000000000f0a9       0x25 lib/lib.a(close.o)
                0x000000000000f0a9                close
 .text          0x000000000000f0ce        0x0 lib/lib.a(errno.o)
 .text          0x000000000000f0ce       0x2f lib/lib.a(write.o)
                0x000000000000f0ce                write
 .text          0x000000000000f0fd       0x25 lib/lib.a(dup.o)
                0x000000000000f0fd                dup
 .text          0x000000000000f122       0x1f lib/lib.a(setsid.o)
                0x000000000000f122                setsid
 .text          0x000000000000f141       0x2f lib/lib.a(execve.o)
                0x000000000000f141                execve
 .text          0x000000000000f170       0x60 lib/lib.a(wait.o)
                0x000000000000f170                waitpid
                0x000000000000f19f                wait
 .text          0x000000000000f1d0      0x319 lib/lib.a(string.o)
                0x000000000000f1d0                strcpy
                0x000000000000f1e8                strncpy
                0x000000000000f209                strcat
                0x000000000000f22e                strncat
                0x000000000000f25d                strcmp
                0x000000000000f27b                strncmp
                0x000000000000f2a0                strchr
                0x000000000000f2be                strrchr
                0x000000000000f2df                strspn
                0x000000000000f316                strcspn
                0x000000000000f34d                strpbrk
                0x000000000000f382                strstr
                0x000000000000f3b7                strlen
                0x000000000000f3d0                strtok
                0x000000000000f44b                memcpy
                0x000000000000f461                memmove
                0x000000000000f488                memcmp
                0x000000000000f4ac                memchr
                0x000000000000f4d3                memset
 *(.gnu.warning)

.fini
 *(SORT_NONE(.fini))
                [!provide]                        PROVIDE (__etext = .)
                [!provide]                        PROVIDE (_etext = .)
                [!provide]                        PROVIDE (etext = .)

.rodata         0x000000000000f500     0x1044
 *(.rodata .rodata.* .gnu.linkonce.r.*)
 .rodata.str1.1
                0x000000000000f500       0x68 init/main.o
 .rodata.str1.4
                0x000000000000f568       0x25 init/main.o
 *fill*         0x000000000000f58d       0x13 
 .rodata        0x000000000000f5a0      0x2b0 kernel/kernel.o
 .rodata.str1.1
                0x000000000000f850      0x27f kernel/kernel.o
                                        0x285 (size before relaxing)
 *fill*         0x000000000000facf        0x1 
 .rodata.str1.4
                0x000000000000fad0      0x1fc kernel/kernel.o
 .rodata.str1.4
                0x000000000000fccc       0xe9 mm/mm.o
 .rodata.str1.1
                0x000000000000fdb5       0x68 mm/mm.o
 *fill*         0x000000000000fe1d        0x3 
 .rodata        0x000000000000fe20       0xc4 fs/fs.o
 .rodata.str1.1
                0x000000000000fee4      0x32c fs/fs.o
                                        0x332 (size before relaxing)
 .rodata.str1.4
                0x0000000000010210      0x334 fs/fs.o
                                        0x333 (size before relaxing)

.rodata1
 *(.rodata1)

.eh_frame_hdr
 *(.eh_frame_hdr)
 *(.eh_frame_entry .eh_frame_entry.*)

.eh_frame       0x0000000000010544     0x34a0
 *(.eh_frame)
 .eh_frame      0x0000000000010544       0xfc init/main.o
 .eh_frame      0x0000000000010640     0x1094 kernel/kernel.o
                                       0x11cc (size before relaxing)
 .eh_frame      0x00000000000116d4      0x288 mm/mm.o
                                        0x2a0 (size before relaxing)
 .eh_frame      0x000000000001195c     0x1ca8 fs/fs.o
                                       0x1e58 (size before relaxing)
 .eh_frame      0x0000000000013604       0x1c lib/lib.a(_exit.o)
                                         0x34 (size before relaxing)
 .eh_frame      0x0000000000013620       0x28 lib/lib.a(open.o)
                                         0x40 (size before relaxing)
 .eh_frame      0x0000000000013648       0x20 lib/lib.a(close.o)
                                         0x38 (size before relaxing)
 .eh_frame      0x0000000000013668       0x28 lib/lib.a(write.o)
                                         0x40 (size before relaxing)
 .eh_frame      0x0000000000013690       0x20 lib/lib.a(dup.o)
                                         0x38 (size before relaxing)
 .eh_frame      0x00000000000136b0       0x14 lib/lib.a(setsid.o)
                                         0x2c (size before relaxing)
 .eh_frame      0x00000000000136c4       0x28 lib/lib.a(execve.o)
                                         0x40 (size before relaxing)
 .eh_frame      0x00000000000136ec       0x50 lib/lib.a(wait.o)
                                         0x68 (size before relaxing)
 .eh_frame      0x000000000001373c      0x2a8 lib/lib.a(string.o)
                                        0x2c0 (size before relaxing)
 *(.eh_frame.*)

.gcc_except_table
 *(.gcc_except_table .gcc_except_table.*)

.gnu_extab
 *(.gnu_extab*)

.exception_ranges
 *(.exception_ranges .exception_ranges*)
                0x0000000000015000                . = DATA_SEGMENT_ALIGN (CONSTANT (MAXPAGESIZE), CONSTANT (COMMONPAGESIZE))

.eh_frame
 *(.eh_frame)
 *(.eh_frame.*)

.gnu_extab
 *(.gnu_extab)

.gcc_except_table
 *(.gcc_except_table .gcc_except_table.*)

.exception_ranges
 *(.exception_ranges .exception_ranges*)

.tdata
 *(.tdata .tdata.* .gnu.linkonce.td.*)

.tbss
 *(.tbss .tbss.* .gnu.linkonce.tb.*)
 *(.tcommon)

.preinit_array  0x0000000000015000        0x0
                [!provide]                        PROVIDE (__preinit_array_start = .)
 *(.preinit_array)
                [!provide]                        PROVIDE (__preinit_array_end = .)

.init_array     0x0000000000015000        0x0
                [!provide]                        PROVIDE (__init_array_start = .)
 *(SORT_BY_INIT_PRIORITY(.init_array.*) SORT_BY_INIT_PRIORITY(.ctors.*))
 *(.init_array EXCLUDE_FILE(*crtend?.o *crtend.o *crtbegin?.o *crtbegin.o) .ctors)
                [!provide]                        PROVIDE (__init_array_end = .)

.fini_array     0x0000000000015000        0x0
                [!provide]                        PROVIDE (__fini_array_start = .)
 *(SORT_BY_INIT_PRIORITY(.fini_array.*) SORT_BY_INIT_PRIORITY(.dtors.*))
 *(.fini_array EXCLUDE_FILE(*crtend?.o *crtend.o *crtbegin?.o *crtbegin.o) .dtors)
                [!provide]                        PROVIDE (__fini_array_end = .)

.ctors
 *crtbegin.o(.ctors)
 *crtbegin?.o(.ctors)
 *(EXCLUDE_FILE(*crtend?.o *crtend.o) .ctors)
 *(SORT_BY_NAME(.ctors.*))
 *(.ctors)

.dtors
 *crtbegin.o(.dtors)
 *crtbegin?.o(.dtors)
 *(EXCLUDE_FILE(*crtend?.o *crtend.o) .dtors)
 *(SORT_BY_NAME(.dtors.*))
 *(.dtors)

.jcr
 *(.jcr)

.data.rel.ro
 *(.data.rel.ro.local* .gnu.linkonce.d.rel.ro.local.*)
 *(.data.rel.ro .data.rel.ro.* .gnu.linkonce.d.rel.ro.*)

.dynamic
 *(.dynamic)

.got            0x0000000000015000        0x0
 *(.got)
 .got           0x0000000000015000        0x0 boot/head.o
 *(.igot)
                0x0000000000015000                . = DATA_SEGMENT_RELRO_END (., (SIZEOF (.got.plt) >= 0xc)?0xc:0x0)

.got.plt        0x0000000000015000        0x0
 *(.got.plt)
 .got.plt       0x0000000000015000        0x0 boot/head.o
 *(.igot.plt)
 .igot.plt      0x0000000000015000        0x0 boot/head.o

.data           0x0000000000015000     0x3e81
 *(.data .data.* .gnu.linkonce.d.*)
 .data          0x0000000000015000        0x0 boot/head.o
 .data          0x0000000000015000       0x18 init/main.o
 *fill*         0x0000000000015018        0x8 
 .data          0x0000000000015020     0x3d46 kernel/kernel.o
                0x0000000000015020                stack_start
                0x0000000000015040                task
                0x0000000000015140                current
                0x0000000000016160                sys_call_table
                0x0000000000016660                table_list
                0x0000000000016680                tty_table
                0x0000000000018ba0                attr
 .data          0x0000000000018d66        0x0 mm/mm.o
 *fill*         0x0000000000018d66        0x2 
 .data          0x0000000000018d68        0x4 fs/fs.o
                0x0000000000018d68                start_buffer
 *fill*         0x0000000000018d6c       0x14 
 .data          0x0000000000018d80      0x101 lib/lib.a(ctype.o)
                0x0000000000018d80                _ctype
 .data          0x0000000000018e81        0x0 lib/lib.a(_exit.o)
 .data          0x0000000000018e81        0x0 lib/lib.a(open.o)
 .data          0x0000000000018e81        0x0 lib/lib.a(close.o)
 .data          0x0000000000018e81        0x0 lib/lib.a(errno.o)
 .data          0x0000000000018e81        0x0 lib/lib.a(write.o)
 .data          0x0000000000018e81        0x0 lib/lib.a(dup.o)
 .data          0x0000000000018e81        0x0 lib/lib.a(setsid.o)
 .data          0x0000000000018e81        0x0 lib/lib.a(execve.o)
 .data          0x0000000000018e81        0x0 lib/lib.a(wait.o)
 .data          0x0000000000018e81        0x0 lib/lib.a(string.o)

.data1
 *(.data1)
                0x0000000000018e81                _edata = .
                [!provide]                        PROVIDE (edata = .)
                0x0000000000018e81                . = .
                0x0000000000018e81                __bss_start = .

.bss            0x0000000000018ea0     0x3d0c
 *(.dynbss)
 *(.bss .bss.* .gnu.linkonce.b.*)
 .bss           0x0000000000018ea0        0x0 boot/head.o
 .bss           0x0000000000018ea0      0x400 init/main.o
 .bss           0x00000000000192a0      0x9b0 kernel/kernel.o
                0x00000000000192a0                last_task_used_math
                0x00000000000192a4                startup_time
                0x00000000000192a8                jiffies
                0x00000000000192ac                last_pid
                0x0000000000019760                do_hd
 *fill*         0x0000000000019c50       0x10 
 .bss           0x0000000000019c60      0xc00 mm/mm.o
 .bss           0x000000000001a860      0x710 fs/fs.o
                0x000000000001a860                inode_table
                0x000000000001af64                nr_buffers
 .bss           0x000000000001af70        0x0 lib/lib.a(ctype.o)
 .bss           0x000000000001af70        0x0 lib/lib.a(_exit.o)
 .bss           0x000000000001af70        0x0 lib/lib.a(open.o)
 .bss           0x000000000001af70        0x0 lib/lib.a(close.o)
 .bss           0x000000000001af70        0x0 lib/lib.a(errno.o)
 .bss           0x000000000001af70        0x0 lib/lib.a(write.o)
 .bss           0x000000000001af70        0x0 lib/lib.a(dup.o)
 .bss           0x000000000001af70        0x0 lib/lib.a(setsid.o)
 .bss           0x000000000001af70        0x0 lib/lib.a(execve.o)
 .bss           0x000000000001af70        0x0 lib/lib.a(wait.o)
 .bss           0x000000000001af70        0x0 lib/lib.a(string.o)
 *(COMMON)
 *fill*         0x000000000001af70       0x10 
 COMMON         0x000000000001af80     0x1000 kernel/kernel.o
                0x000000000001af80                user_stack
 COMMON         0x000000000001bf80      0xc20 fs/fs.o
                0x000000000001bf80                hash_table
                0x000000000001c460                super_block
                0x000000000001c7a0                file_table
 COMMON         0x000000000001cba0        0x1 lib/lib.a(ctype.o)
                0x000000000001cba0                _ctmp
 *fill*         0x000000000001cba1        0x3 
 COMMON         0x000000000001cba4        0x4 lib/lib.a(errno.o)
                0x000000000001cba4                errno
 COMMON         0x000000000001cba8        0x4 lib/lib.a(string.o)
                0x000000000001cba8                ___strtok
                0x000000000001cbac                . = ALIGN ((. != 0x0)?0x4:0x1)
                0x000000000001cbac                . = ALIGN (0x4)
                0x000000000001cbac                . = SEGMENT_START ("ldata-segment", .)
                0x000000000001cbac                . = ALIGN (0x4)
                0x000000000001cbac                _end = .
                0x000000000001cbac                PROVIDE (end = .)
                0x000000000001cbac                . = DATA_SEGMENT_END (.)

.stab
 *(.stab)

.stabstr
 *(.stabstr)

.stab.excl
 *(.stab.excl)

.stab.exclstr
 *(.stab.exclstr)

.stab.index
 *(.stab.index)

.stab.indexstr
 *(.stab.indexstr)

.comment        0x0000000000000000       0x2c
 *(.comment)
 .comment       0x0000000000000000       0x2c init/main.o
                                         0x2d (size before relaxing)
 .comment       0x000000000000002c      0x249 kernel/kernel.o
 .comment       0x000000000000002c       0x2d mm/mm.o
 .comment       0x000000000000002c      0x357 fs/fs.o
 .comment       0x000000000000002c       0x2d lib/lib.a(ctype.o)
 .comment       0x000000000000002c       0x2d lib/lib.a(_exit.o)
 .comment       0x000000000000002c       0x2d lib/lib.a(open.o)
 .comment       0x000000000000002c       0x2d lib/lib.a(close.o)
 .comment       0x000000000000002c       0x2d lib/lib.a(errno.o)
 .comment       0x000000000000002c       0x2d lib/lib.a(write.o)
 .comment       0x000000000000002c       0x2d lib/lib.a(dup.o)
 .comment       0x000000000000002c       0x2d lib/lib.a(setsid.o)
 .comment       0x000000000000002c       0x2d lib/lib.a(execve.o)
 .comment       0x000000000000002c       0x2d lib/lib.a(wait.o)
 .comment       0x000000000000002c       0x2d lib/lib.a(string.o)

.gnu.build.attributes
 *(.gnu.build.attributes .gnu.build.attributes.*)

.debug
 *(.debug)

.line
 *(.line)

.debug_srcinfo
 *(.debug_srcinfo)

.debug_sfnames
 *(.debug_sfnames)

.debug_aranges  0x0000000000000000      0x588
 *(.debug_aranges)
 .debug_aranges
                0x0000000000000000       0x20 init/main.o
 .debug_aranges
                0x0000000000000020      0x1a0 kernel/kernel.o
 .debug_aranges
                0x00000000000001c0       0x20 mm/mm.o
 .debug_aranges
                0x00000000000001e0      0x258 fs/fs.o
 .debug_aranges
                0x0000000000000438       0x18 lib/lib.a(ctype.o)
 .debug_aranges
                0x0000000000000450       0x20 lib/lib.a(_exit.o)
 .debug_aranges
                0x0000000000000470       0x20 lib/lib.a(open.o)
 .debug_aranges
                0x0000000000000490       0x20 lib/lib.a(close.o)
 .debug_aranges
                0x00000000000004b0       0x18 lib/lib.a(errno.o)
 .debug_aranges
                0x00000000000004c8       0x20 lib/lib.a(write.o)
 .debug_aranges
                0x00000000000004e8       0x20 lib/lib.a(dup.o)
 .debug_aranges
                0x0000000000000508       0x20 lib/lib.a(setsid.o)
 .debug_aranges
                0x0000000000000528       0x20 lib/lib.a(execve.o)
 .debug_aranges
                0x0000000000000548       0x20 lib/lib.a(wait.o)
 .debug_aranges
                0x0000000000000568       0x20 lib/lib.a(string.o)

.debug_pubnames
 *(.debug_pubnames)

.debug_info     0x0000000000000000    0x1e45c
 *(.debug_info .gnu.linkonce.wi.*)
 .debug_info    0x0000000000000000     0x1087 init/main.o
 .debug_info    0x0000000000001087     0x96b6 kernel/kernel.o
 .debug_info    0x000000000000a73d      0x6bf mm/mm.o
 .debug_info    0x000000000000adfc    0x10a10 fs/fs.o
 .debug_info    0x000000000001b80c       0x72 lib/lib.a(ctype.o)
 .debug_info    0x000000000001b87e      0x432 lib/lib.a(_exit.o)
 .debug_info    0x000000000001bcb0      0x48e lib/lib.a(open.o)
 .debug_info    0x000000000001c13e      0x44e lib/lib.a(close.o)
 .debug_info    0x000000000001c58c       0x37 lib/lib.a(errno.o)
 .debug_info    0x000000000001c5c3      0x47b lib/lib.a(write.o)
 .debug_info    0x000000000001ca3e      0x44e lib/lib.a(dup.o)
 .debug_info    0x000000000001ce8c      0x447 lib/lib.a(setsid.o)
 .debug_info    0x000000000001d2d3      0x482 lib/lib.a(execve.o)
 .debug_info    0x000000000001d755      0x514 lib/lib.a(wait.o)
 .debug_info    0x000000000001dc69      0x7f3 lib/lib.a(string.o)

.debug_abbrev   0x0000000000000000     0x585a
 *(.debug_abbrev)
 .debug_abbrev  0x0000000000000000      0x2d5 init/main.o
 .debug_abbrev  0x00000000000002d5     0x1d69 kernel/kernel.o
 .debug_abbrev  0x000000000000203e      0x254 mm/mm.o
 .debug_abbrev  0x0000000000002292     0x2c26 fs/fs.o
 .debug_abbrev  0x0000000000004eb8       0x4b lib/lib.a(ctype.o)
 .debug_abbrev  0x0000000000004f03       0xbd lib/lib.a(_exit.o)
 .debug_abbrev  0x0000000000004fc0       0xf5 lib/lib.a(open.o)
 .debug_abbrev  0x00000000000050b5       0xd6 lib/lib.a(close.o)
 .debug_abbrev  0x000000000000518b       0x2e lib/lib.a(errno.o)
 .debug_abbrev  0x00000000000051b9      0x101 lib/lib.a(write.o)
 .debug_abbrev  0x00000000000052ba       0xd6 lib/lib.a(dup.o)
 .debug_abbrev  0x0000000000005390       0xc2 lib/lib.a(setsid.o)
 .debug_abbrev  0x0000000000005452       0xf0 lib/lib.a(execve.o)
 .debug_abbrev  0x0000000000005542      0x151 lib/lib.a(wait.o)
 .debug_abbrev  0x0000000000005693      0x1c7 lib/lib.a(string.o)

.debug_line     0x0000000000000000     0x921c
 *(.debug_line .debug_line.* .debug_line_end)
 .debug_line    0x0000000000000000      0x2c4 init/main.o
 .debug_line    0x00000000000002c4     0x352e kernel/kernel.o
 .debug_line    0x00000000000037f2      0x472 mm/mm.o
 .debug_line    0x0000000000003c64     0x4ed7 fs/fs.o
 .debug_line    0x0000000000008b3b       0x3e lib/lib.a(ctype.o)
 .debug_line    0x0000000000008b79       0x8b lib/lib.a(_exit.o)
 .debug_line    0x0000000000008c04       0xb3 lib/lib.a(open.o)
 .debug_line    0x0000000000008cb7       0x9a lib/lib.a(close.o)
 .debug_line    0x0000000000008d51       0x28 lib/lib.a(errno.o)
 .debug_line    0x0000000000008d79       0x9c lib/lib.a(write.o)
 .debug_line    0x0000000000008e15       0x98 lib/lib.a(dup.o)
 .debug_line    0x0000000000008ead       0x98 lib/lib.a(setsid.o)
 .debug_line    0x0000000000008f45       0x9d lib/lib.a(execve.o)
 .debug_line    0x0000000000008fe2       0xb7 lib/lib.a(wait.o)
 .debug_line    0x0000000000009099      0x183 lib/lib.a(string.o)

.debug_frame
 *(.debug_frame)

.debug_str      0x0000000000000000     0x1bae
 *(.debug_str)
 .debug_str     0x0000000000000000      0x59f init/main.o
                                        0x68d (size before relaxing)
 .debug_str     0x000000000000059f      0xa74 kernel/kernel.o
                                       0x3dc7 (size before relaxing)
 .debug_str     0x0000000000001013      0x191 mm/mm.o
                                        0x289 (size before relaxing)
 .debug_str     0x00000000000011a4      0x93d fs/fs.o
                                       0x68b5 (size before relaxing)
 .debug_str     0x0000000000001ae1       0x21 lib/lib.a(ctype.o)
                                         0xfb (size before relaxing)
 .debug_str     0x0000000000001b02        0x8 lib/lib.a(_exit.o)
                                        0x37e (size before relaxing)
 .debug_str     0x0000000000001b0a      0x388 lib/lib.a(open.o)
 .debug_str     0x0000000000001b0a        0x8 lib/lib.a(close.o)
                                        0x37a (size before relaxing)
 .debug_str     0x0000000000001b12        0x8 lib/lib.a(errno.o)
                                         0xcd (size before relaxing)
 .debug_str     0x0000000000001b1a        0x8 lib/lib.a(write.o)
                                        0x380 (size before relaxing)
 .debug_str     0x0000000000001b1a        0x6 lib/lib.a(dup.o)
                                        0x372 (size before relaxing)
 .debug_str     0x0000000000001b20        0x9 lib/lib.a(setsid.o)
                                        0x382 (size before relaxing)
 .debug_str     0x0000000000001b29        0x9 lib/lib.a(execve.o)
                                        0x386 (size before relaxing)
 .debug_str     0x0000000000001b32       0x11 lib/lib.a(wait.o)
                                        0x398 (size before relaxing)
 .debug_str     0x0000000000001b43       0x6b lib/lib.a(string.o)
                                        0x181 (size before relaxing)

.debug_loc      0x0000000000000000     0xa3b7
 *(.debug_loc)
 .debug_loc     0x0000000000000000      0x243 init/main.o
 .debug_loc     0x0000000000000243     0x33d2 kernel/kernel.o
 .debug_loc     0x0000000000003615      0x543 mm/mm.o
 .debug_loc     0x0000000000003b58     0x6375 fs/fs.o
 .debug_loc     0x0000000000009ecd       0x7b lib/lib.a(open.o)
 .debug_loc     0x0000000000009f48       0x55 lib/lib.a(close.o)
 .debug_loc     0x0000000000009f9d       0x54 lib/lib.a(write.o)
 .debug_loc     0x0000000000009ff1       0x55 lib/lib.a(dup.o)
 .debug_loc     0x000000000000a046       0x32 lib/lib.a(setsid.o)
 .debug_loc     0x000000000000a078       0x54 lib/lib.a(execve.o)
 .debug_loc     0x000000000000a0cc       0xf3 lib/lib.a(wait.o)
 .debug_loc     0x000000000000a1bf      0x1f8 lib/lib.a(string.o)

.debug_macinfo
 *(.debug_macinfo)

.debug_weaknames
 *(.debug_weaknames)

.debug_funcnames
 *(.debug_funcnames)

.debug_typenames
 *(.debug_typenames)

.debug_varnames
 *(.debug_varnames)

.debug_pubtypes
 *(.debug_pubtypes)

.debug_ranges   0x0000000000000000      0x638
 *(.debug_ranges)
 .debug_ranges  0x0000000000000000       0x60 init/main.o
 .debug_ranges  0x0000000000000060      0x1c8 kernel/kernel.o
 .debug_ranges  0x0000000000000228      0x3f8 fs/fs.o
 .debug_ranges  0x0000000000000620       0x18 lib/lib.a(wait.o)

.debug_macro
 *(.debug_macro)

.debug_addr
 *(.debug_addr)

.gnu.attributes
 *(.gnu.attributes)

/DISCARD/
 *(.note.GNU-stack)
 *(.gnu_debuglink)
 *(.gnu.lto_*)
 *(.gnu_object_only)
OUTPUT(tools/system elf32-i386)
